core_cm0plus.h:745:22:NVIC_EnableIRQ	16	static
core_cm0plus.h:756:22:NVIC_DisableIRQ	16	static
NEC_IR_receiver.c:125:6:listeningLoop	24	static
NEC_IR_receiver.c:192:6:processIR	24	static
NEC_IR_receiver.c:214:6:processCommand	72	static
NEC_IR_receiver.c:282:6:handle_list	32	static
NEC_IR_receiver.c:299:6:handle_add	48	static
NEC_IR_receiver.c:390:6:init	352	static
NEC_IR_receiver.c:413:6:handle_IR_code_1	8	static
NEC_IR_receiver.c:419:6:handle_IR_code_2	8	static
NEC_IR_receiver.c:425:6:handle_IR_code_3	8	static
NEC_IR_receiver.c:431:6:handle_IR_code_4	8	static
